// Jest Snapshot v1, https://goo.gl/fbAQLP

exports[`Converter page should have be render correctly 1`] = `
<Provider
  store={
    Object {
      "clearActions": [Function],
      "dispatch": [Function],
      "getActions": [Function],
      "getState": [Function],
      "replaceReducer": [Function],
      "subscribe": [Function],
    }
  }
>
  <ConvertCurrency
    baseCurrency="string"
    convertedValue={1}
    currency={
      Object {
        "currency": Array [
          Object {
            "baseCcy": "UAH",
            "buy": "27.05000",
            "ccy": "USD",
            "sale": "27.45000",
          },
          Object {
            "baseCcy": "UAH",
            "buy": "31.85000",
            "ccy": "EUR",
            "sale": "32.45000",
          },
          Object {
            "baseCcy": "UAH",
            "buy": "1",
            "ccy": "UAH",
            "sale": "1",
          },
          Object {
            "baseCcy": "UAH",
            "buy": "0.35000",
            "ccy": "RUR",
            "sale": "0.38000",
          },
          Object {
            "baseCcy": "USD",
            "buy": "31125.3298",
            "ccy": "BTC",
            "sale": "34401.6803",
          },
        ],
        "error": "string",
        "isLoadingCurrency": false,
      }
    }
  >
    <Styled(Component)
      bordered={true}
      hover={true}
      striped={true}
    >
      <ForwardRef
        bordered={true}
        className="sc-iemWCZ cunngp"
        hover={true}
        striped={true}
      >
        <table
          className="sc-iemWCZ cunngp table table-striped table-bordered table-hover"
        >
          <thead>
            <tr>
              <th>
                Converted Value
              </th>
              <th>
                Currency
              </th>
            </tr>
          </thead>
          <tbody>
            <tr
              key="USD"
            >
              <td
                className="p-lg-3"
                id="convertedValue"
              >
                0.036
              </td>
              <td
                className="w-25 p-lg-2"
                id="emblem"
              >
                USD
              </td>
            </tr>
            <tr
              key="EUR"
            >
              <td
                className="p-lg-3"
                id="convertedValue"
              >
                0.031
              </td>
              <td
                className="w-25 p-lg-2"
                id="emblem"
              >
                EUR
              </td>
            </tr>
            <tr
              key="UAH"
            >
              <td
                className="p-lg-3"
                id="convertedValue"
              >
                1.000
              </td>
              <td
                className="w-25 p-lg-2"
                id="emblem"
              >
                UAH
              </td>
            </tr>
            <tr
              key="RUR"
            >
              <td
                className="p-lg-3"
                id="convertedValue"
              >
                2.632
              </td>
              <td
                className="w-25 p-lg-2"
                id="emblem"
              >
                RUR
              </td>
            </tr>
            <tr
              key="BTC"
            >
              <td
                className="p-lg-3"
                id="convertedValue"
              >
                0.000
              </td>
              <td
                className="w-25 p-lg-2"
                id="emblem"
              >
                BTC
              </td>
            </tr>
          </tbody>
        </table>
      </ForwardRef>
    </Styled(Component)>
  </ConvertCurrency>
</Provider>
`;
