// Jest Snapshot v1, https://goo.gl/fbAQLP

exports[`Favorite currency component should render correctly 1`] = `
<ContextProvider
  value={
    Object {
      "store": Object {
        "clearActions": [Function],
        "dispatch": [Function],
        "getActions": [Function],
        "getState": [Function],
        "replaceReducer": [Function],
        "subscribe": [Function],
      },
      "subscription": Subscription {
        "handleChangeWrapper": [Function],
        "listeners": Object {
          "notify": [Function],
        },
        "onStateChange": [Function],
        "parentSub": undefined,
        "store": Object {
          "clearActions": [Function],
          "dispatch": [Function],
          "getActions": [Function],
          "getState": [Function],
          "replaceReducer": [Function],
          "subscribe": [Function],
        },
        "unsubscribe": null,
      },
    }
  }
>
  <FavoriteCurrency
    BTC={
      Object {
        "buy": "31125.3298",
        "ccy": "BTC",
        "sale": "34401.6803",
      }
    }
    EUR={
      Object {
        "buy": "31.85000",
        "ccy": "EUR",
        "sale": "32.45000",
      }
    }
    RUR={
      Object {
        "buy": "0.35000",
        "ccy": "RUR",
        "sale": "0.38000",
      }
    }
    USD={
      Object {
        "buy": "27.05000",
        "ccy": "USD",
        "sale": "27.45000",
      }
    }
  />
</ContextProvider>
`;
