// Jest Snapshot v1, https://goo.gl/fbAQLP

exports[`Navigation component should render correctly 1`] = `
<Styled(Col)>
  <styled.button
    onClick={[Function]}
    primary={false}
  >
    Converter
  </styled.button>
  <styled.button
    onClick={[Function]}
    primary={false}
  >
    Course
  </styled.button>
</Styled(Col)>
`;
